Flow report for cnn_vibration_monitor_10M50
Fri Jul 25 21:07:53 2025
Quartus Prime Version 23.1std.1 Build 993 05/14/2024 SC Lite Edition


---------------------
; Table of Contents ;
---------------------
  1. Legal Notice
  2. Flow Summary
  3. Flow Settings
  4. Flow Non-Default Global Settings
  5. Flow Elapsed Time
  6. Flow OS Summary
  7. Flow Log
  8. Flow Messages
  9. Flow Suppressed Messages



----------------
; Legal Notice ;
----------------
Copyright (C) 2024  Intel Corporation. All rights reserved.
Your use of Intel Corporation's design tools, logic functions 
and other software and tools, and any partner logic 
functions, and any output files from any of the foregoing 
(including device programming or simulation files), and any 
associated documentation or information are expressly subject 
to the terms and conditions of the Intel Program License 
Subscription Agreement, the Intel Quartus Prime License Agreement,
the Intel FPGA IP License Agreement, or other applicable license
agreement, including, without limitation, that your use is for
the sole purpose of programming logic devices manufactured by
Intel and sold by Intel or its authorized distributors.  Please
refer to the applicable agreement for further details, at
https://fpgasoftware.intel.com/eula.



+-------------------------------------------------------------------------------------+
; Flow Summary                                                                        ;
+------------------------------------+------------------------------------------------+
; Flow Status                        ; Successful - Fri Jul 25 21:07:53 2025          ;
; Quartus Prime Version              ; 23.1std.1 Build 993 05/14/2024 SC Lite Edition ;
; Revision Name                      ; cnn_vibration_monitor_10M50                    ;
; Top-level Entity Name              ; cnn_vibration_monitor_10M50                    ;
; Family                             ; MAX 10                                         ;
; Device                             ; 10M50DAF484C6GES                               ;
; Timing Models                      ; Preliminary                                    ;
; Total logic elements               ; 25,798 / 49,760 ( 52 % )                       ;
;     Total combinational functions  ; 1,319 / 49,760 ( 3 % )                         ;
;     Dedicated logic registers      ; 25,510 / 49,760 ( 51 % )                       ;
; Total registers                    ; 25510                                          ;
; Total pins                         ; 12 / 360 ( 3 % )                               ;
; Total virtual pins                 ; 0                                              ;
; Total memory bits                  ; 2,448 / 1,677,312 ( < 1 % )                    ;
; Embedded Multiplier 9-bit elements ; 24 / 288 ( 8 % )                               ;
; Total PLLs                         ; 1 / 4 ( 25 % )                                 ;
; UFM blocks                         ; 0 / 1 ( 0 % )                                  ;
; ADC blocks                         ; 1 / 2 ( 50 % )                                 ;
+------------------------------------+------------------------------------------------+


+-------------------------------------------------+
; Flow Settings                                   ;
+-------------------+-----------------------------+
; Option            ; Setting                     ;
+-------------------+-----------------------------+
; Start date & time ; 07/25/2025 21:05:58         ;
; Main task         ; Compilation                 ;
; Revision Name     ; cnn_vibration_monitor_10M50 ;
+-------------------+-----------------------------+


+---------------------------------------------------------------------------------------------------------------------------------------------------------------+
; Flow Non-Default Global Settings                                                                                                                              ;
+-------------------------------------+--------------------------------------------------+--------------------+-------------+-----------------------------------+
; Assignment Name                     ; Value                                            ; Default Value      ; Entity Name ; Section Id                        ;
+-------------------------------------+--------------------------------------------------+--------------------+-------------+-----------------------------------+
; COMPILER_SIGNATURE_ID               ; 1098433145546.175347395813268                    ; --                 ; --          ; --                                ;
; EDA_GENERATE_FUNCTIONAL_NETLIST     ; Off                                              ; --                 ; --          ; eda_board_design_timing           ;
; EDA_GENERATE_FUNCTIONAL_NETLIST     ; Off                                              ; --                 ; --          ; eda_board_design_boundary_scan    ;
; EDA_GENERATE_FUNCTIONAL_NETLIST     ; Off                                              ; --                 ; --          ; eda_board_design_signal_integrity ;
; EDA_GENERATE_FUNCTIONAL_NETLIST     ; Off                                              ; --                 ; --          ; eda_board_design_symbol           ;
; EDA_OUTPUT_DATA_FORMAT              ; Verilog Hdl                                      ; --                 ; --          ; eda_simulation                    ;
; EDA_SIMULATION_TOOL                 ; Questa Intel FPGA (Verilog)                      ; <None>             ; --          ; --                                ;
; EDA_TIME_SCALE                      ; 1 ps                                             ; --                 ; --          ; eda_simulation                    ;
; ENABLE_SIGNALTAP                    ; On                                               ; --                 ; --          ; --                                ;
; MAX_CORE_JUNCTION_TEMP              ; 85                                               ; --                 ; --          ; --                                ;
; MIN_CORE_JUNCTION_TEMP              ; 0                                                ; --                 ; --          ; --                                ;
; NUM_PARALLEL_PROCESSORS             ; All                                              ; --                 ; --          ; --                                ;
; OPTIMIZATION_MODE                   ; Aggressive Power                                 ; Balanced           ; --          ; --                                ;
; OPTIMIZE_POWER_DURING_FITTING       ; Extra effort                                     ; Normal compilation ; --          ; --                                ;
; OPTIMIZE_POWER_DURING_SYNTHESIS     ; Extra effort                                     ; Normal compilation ; --          ; --                                ;
; OUTPUT_IO_TIMING_FAR_END_VMEAS      ; Half Signal Swing                                ; --                 ; --          ; --                                ;
; OUTPUT_IO_TIMING_FAR_END_VMEAS      ; Half Signal Swing                                ; --                 ; --          ; --                                ;
; OUTPUT_IO_TIMING_NEAR_END_VMEAS     ; Half Vccio                                       ; --                 ; --          ; --                                ;
; OUTPUT_IO_TIMING_NEAR_END_VMEAS     ; Half Vccio                                       ; --                 ; --          ; --                                ;
; PARTITION_COLOR                     ; -- (Not supported for targeted family)           ; --                 ; --          ; Top                               ;
; PARTITION_FITTER_PRESERVATION_LEVEL ; -- (Not supported for targeted family)           ; --                 ; --          ; Top                               ;
; PARTITION_NETLIST_TYPE              ; -- (Not supported for targeted family)           ; --                 ; --          ; Top                               ;
; POWER_BOARD_THERMAL_MODEL           ; None (CONSERVATIVE)                              ; --                 ; --          ; --                                ;
; POWER_PRESET_COOLING_SOLUTION       ; 23 MM HEAT SINK WITH 200 LFPM AIRFLOW            ; --                 ; --          ; --                                ;
; PROJECT_OUTPUT_DIRECTORY            ; output_files                                     ; --                 ; --          ; --                                ;
; SLD_FILE                            ; db/cnn_vibration_monitor_10M50_auto_stripped.stp ; --                 ; --          ; --                                ;
; USE_SIGNALTAP_FILE                  ; output_files/cnn_vibration_monitor_10M50.stp     ; --                 ; --          ; --                                ;
+-------------------------------------+--------------------------------------------------+--------------------+-------------+-----------------------------------+


+--------------------------------------------------------------------------------------------------------------------------+
; Flow Elapsed Time                                                                                                        ;
+----------------------+--------------+-------------------------+---------------------+------------------------------------+
; Module Name          ; Elapsed Time ; Average Processors Used ; Peak Virtual Memory ; Total CPU Time (on all processors) ;
+----------------------+--------------+-------------------------+---------------------+------------------------------------+
; Analysis & Synthesis ; 00:00:53     ; 1.0                     ; 5082 MB             ; 00:01:06                           ;
; Fitter               ; 00:00:47     ; 1.7                     ; 6956 MB             ; 00:02:20                           ;
; Assembler            ; 00:00:03     ; 1.0                     ; 5061 MB             ; 00:00:03                           ;
; Timing Analyzer      ; 00:00:04     ; 4.3                     ; 5154 MB             ; 00:00:10                           ;
; EDA Netlist Writer   ; 00:00:01     ; 1.0                     ; 4736 MB             ; 00:00:01                           ;
; Total                ; 00:01:48     ; --                      ; --                  ; 00:03:40                           ;
+----------------------+--------------+-------------------------+---------------------+------------------------------------+


+------------------------------------------------------------------------------------+
; Flow OS Summary                                                                    ;
+----------------------+------------------+------------+------------+----------------+
; Module Name          ; Machine Hostname ; OS Name    ; OS Version ; Processor type ;
+----------------------+------------------+------------+------------+----------------+
; Analysis & Synthesis ; Harry-Main       ; Windows 10 ; 10.0       ; x86_64         ;
; Fitter               ; Harry-Main       ; Windows 10 ; 10.0       ; x86_64         ;
; Assembler            ; Harry-Main       ; Windows 10 ; 10.0       ; x86_64         ;
; Timing Analyzer      ; Harry-Main       ; Windows 10 ; 10.0       ; x86_64         ;
; EDA Netlist Writer   ; Harry-Main       ; Windows 10 ; 10.0       ; x86_64         ;
+----------------------+------------------+------------+------------+----------------+


------------
; Flow Log ;
------------
quartus_map --read_settings_files=on --write_settings_files=off cnn_vibration_monitor_10M50 -c cnn_vibration_monitor_10M50
quartus_fit --read_settings_files=off --write_settings_files=off cnn_vibration_monitor_10M50 -c cnn_vibration_monitor_10M50
quartus_asm --read_settings_files=off --write_settings_files=off cnn_vibration_monitor_10M50 -c cnn_vibration_monitor_10M50
quartus_sta cnn_vibration_monitor_10M50 -c cnn_vibration_monitor_10M50
quartus_eda --read_settings_files=off --write_settings_files=off cnn_vibration_monitor_10M50 -c cnn_vibration_monitor_10M50



